<?xml version="1.0" encoding="utf-8"?><testsuites name="pytest tests"><testsuite name="pytest" errors="0" failures="0" skipped="0" tests="0" time="0.087" timestamp="2026-07-01T18:14:53.444281+03:00" hostname="BOG-LAPTOP" /></testsuites>